// Jest Snapshot v1, https://goo.gl/fbAQLP

exports[`<Artists /> should render snapshot 1`] = `
<div
  className="Artistsstyled-sc-1qoofk0-0 iUjAkI"
>
  <p
    className="Artiststyled-sc-19exrv8-0 bkPnvl artists__artist"
  >
    Artists 1
  </p>
  <p
    className="Artiststyled-sc-19exrv8-0 bkPnvl artists__artist"
  >
    Artists 2
  </p>
</div>
`;
